$ cd /workspace/shadcn-ui && pnpm run build

> livestock-management@ build /workspace/shadcn-ui
> vite build

vite v5.4.19 building for production...
transforming...
✓ 2570 modules transformed.
x Build failed in 9.44s
error during build:
src/pages/HealthRecords.tsx (2:9): "useFarmContext" is not exported by "src/contexts/FarmContext.tsx", imported by "src/pages/HealthRecords.tsx".
file: /workspace/shadcn-ui/src/pages/HealthRecords.tsx:2:9

1: import React, { useState } from "react";
2: import { useFarmContext } from "@/contexts/FarmContext";
            ^
3: import {
4:   Card,

    at getRollupError (file:///workspace/shadcn-ui/node_modules/.pnpm/rollup@4.40.2/node_modules/rollup/dist/es/shared/parseAst.js:397:41)
    at error (file:///workspace/shadcn-ui/node_modules/.pnpm/rollup@4.40.2/node_modules/rollup/dist/es/shared/parseAst.js:393:42)
    at Module.error (file:///workspace/shadcn-ui/node_modules/.pnpm/rollup@4.40.2/node_modules/rollup/dist/es/shared/node-entry.js:16759:16)
    at Module.traceVariable (file:///workspace/shadcn-ui/node_modules/.pnpm/rollup@4.40.2/node_modules/rollup/dist/es/shared/node-entry.js:17208:29)
    at ModuleScope.findVariable (file:///workspace/shadcn-ui/node_modules/.pnpm/rollup@4.40.2/node_modules/rollup/dist/es/shared/node-entry.js:14864:39)
    at FunctionScope.findVariable (file:///workspace/shadcn-ui/node_modules/.pnpm/rollup@4.40.2/node_modules/rollup/dist/es/shared/node-entry.js:5582:38)
    at FunctionBodyScope.findVariable (file:///workspace/shadcn-ui/node_modules/.pnpm/rollup@4.40.2/node_modules/rollup/dist/es/shared/node-entry.js:5582:38)
    at Identifier.bind (file:///workspace/shadcn-ui/node_modules/.pnpm/rollup@4.40.2/node_modules/rollup/dist/es/shared/node-entry.js:5356:40)
    at CallExpression.bind (file:///workspace/shadcn-ui/node_modules/.pnpm/rollup@4.40.2/node_modules/rollup/dist/es/shared/node-entry.js:2783:23)
    at CallExpression.bind (file:///workspace/shadcn-ui/node_modules/.pnpm/rollup@4.40.2/node_modules/rollup/dist/es/shared/node-entry.js:11929:15)
 ELIFECYCLE  Command failed with exit code 1.
$ cd /workspace/shadcn-ui && pnpm run build


> livestock-management@ build /workspace/shadcn-ui
> vite build

vite v5.4.19 building for production...
transforming...
✓ 2570 modules transformed.
x Build failed in 6.46s
error during build:
src/pages/Production.tsx (2:9): "useFarmContext" is not exported by "src/contexts/FarmContext.tsx", imported by "src/pages/Production.tsx".
file: /workspace/shadcn-ui/src/pages/Production.tsx:2:9

1: import React, { useState } from "react";
2: import { useFarmContext } from "@/contexts/FarmContext";
            ^
3: import {
4:   Card,

    at getRollupError (file:///workspace/shadcn-ui/node_modules/.pnpm/rollup@4.40.2/node_modules/rollup/dist/es/shared/parseAst.js:397:41)
    at error (file:///workspace/shadcn-ui/node_modules/.pnpm/rollup@4.40.2/node_modules/rollup/dist/es/shared/parseAst.js:393:42)
    at Module.error (file:///workspace/shadcn-ui/node_modules/.pnpm/rollup@4.40.2/node_modules/rollup/dist/es/shared/node-entry.js:16759:16)
    at Module.traceVariable (file:///workspace/shadcn-ui/node_modules/.pnpm/rollup@4.40.2/node_modules/rollup/dist/es/shared/node-entry.js:17208:29)
    at ModuleScope.findVariable (file:///workspace/shadcn-ui/node_modules/.pnpm/rollup@4.40.2/node_modules/rollup/dist/es/shared/node-entry.js:14864:39)
    at FunctionScope.findVariable (file:///workspace/shadcn-ui/node_modules/.pnpm/rollup@4.40.2/node_modules/rollup/dist/es/shared/node-entry.js:5582:38)
    at FunctionBodyScope.findVariable (file:///workspace/shadcn-ui/node_modules/.pnpm/rollup@4.40.2/node_modules/rollup/dist/es/shared/node-entry.js:5582:38)
    at Identifier.bind (file:///workspace/shadcn-ui/node_modules/.pnpm/rollup@4.40.2/node_modules/rollup/dist/es/shared/node-entry.js:5356:40)
    at CallExpression.bind (file:///workspace/shadcn-ui/node_modules/.pnpm/rollup@4.40.2/node_modules/rollup/dist/es/shared/node-entry.js:2783:23)
    at CallExpression.bind (file:///workspace/shadcn-ui/node_modules/.pnpm/rollup@4.40.2/node_modules/rollup/dist/es/shared/node-entry.js:11929:15)
 ELIFECYCLE  Command failed with exit code 1.
$ cd /workspace/shadcn-ui && pnpm run build


> livestock-management@ build /workspace/shadcn-ui
> vite build

vite v5.4.19 building for production...
transforming...
✓ 2570 modules transformed.
x Build failed in 6.07s
error during build:
src/pages/Reports.tsx (2:9): "useFarmContext" is not exported by "src/contexts/FarmContext.tsx", imported by "src/pages/Reports.tsx".
file: /workspace/shadcn-ui/src/pages/Reports.tsx:2:9

1: import React, { useState } from "react";
2: import { useFarmContext } from "@/contexts/FarmContext";
            ^
3: import {
4:   Card,

    at getRollupError (file:///workspace/shadcn-ui/node_modules/.pnpm/rollup@4.40.2/node_modules/rollup/dist/es/shared/parseAst.js:397:41)
    at error (file:///workspace/shadcn-ui/node_modules/.pnpm/rollup@4.40.2/node_modules/rollup/dist/es/shared/parseAst.js:393:42)
    at Module.error (file:///workspace/shadcn-ui/node_modules/.pnpm/rollup@4.40.2/node_modules/rollup/dist/es/shared/node-entry.js:16759:16)
    at Module.traceVariable (file:///workspace/shadcn-ui/node_modules/.pnpm/rollup@4.40.2/node_modules/rollup/dist/es/shared/node-entry.js:17208:29)
    at ModuleScope.findVariable (file:///workspace/shadcn-ui/node_modules/.pnpm/rollup@4.40.2/node_modules/rollup/dist/es/shared/node-entry.js:14864:39)
    at FunctionScope.findVariable (file:///workspace/shadcn-ui/node_modules/.pnpm/rollup@4.40.2/node_modules/rollup/dist/es/shared/node-entry.js:5582:38)
    at FunctionBodyScope.findVariable (file:///workspace/shadcn-ui/node_modules/.pnpm/rollup@4.40.2/node_modules/rollup/dist/es/shared/node-entry.js:5582:38)
    at Identifier.bind (file:///workspace/shadcn-ui/node_modules/.pnpm/rollup@4.40.2/node_modules/rollup/dist/es/shared/node-entry.js:5356:40)
    at CallExpression.bind (file:///workspace/shadcn-ui/node_modules/.pnpm/rollup@4.40.2/node_modules/rollup/dist/es/shared/node-entry.js:2783:23)
    at CallExpression.bind (file:///workspace/shadcn-ui/node_modules/.pnpm/rollup@4.40.2/node_modules/rollup/dist/es/shared/node-entry.js:11929:15)
 ELIFECYCLE  Command failed with exit code 1.
$ cd /workspace/shadcn-ui && pnpm run build


> livestock-management@ build /workspace/shadcn-ui
> vite build

vite v5.4.19 building for production...
transforming...
✓ 2570 modules transformed.
x Build failed in 5.98s
error during build:
src/pages/Settings.tsx (2:9): "useFarmContext" is not exported by "src/contexts/FarmContext.tsx", imported by "src/pages/Settings.tsx".
file: /workspace/shadcn-ui/src/pages/Settings.tsx:2:9

1: import React from "react";
2: import { useFarmContext } from "@/contexts/FarmContext";
            ^
3: import {
4:   Card,

    at getRollupError (file:///workspace/shadcn-ui/node_modules/.pnpm/rollup@4.40.2/node_modules/rollup/dist/es/shared/parseAst.js:397:41)
    at error (file:///workspace/shadcn-ui/node_modules/.pnpm/rollup@4.40.2/node_modules/rollup/dist/es/shared/parseAst.js:393:42)
    at Module.error (file:///workspace/shadcn-ui/node_modules/.pnpm/rollup@4.40.2/node_modules/rollup/dist/es/shared/node-entry.js:16759:16)
    at Module.traceVariable (file:///workspace/shadcn-ui/node_modules/.pnpm/rollup@4.40.2/node_modules/rollup/dist/es/shared/node-entry.js:17208:29)
    at ModuleScope.findVariable (file:///workspace/shadcn-ui/node_modules/.pnpm/rollup@4.40.2/node_modules/rollup/dist/es/shared/node-entry.js:14864:39)
    at FunctionScope.findVariable (file:///workspace/shadcn-ui/node_modules/.pnpm/rollup@4.40.2/node_modules/rollup/dist/es/shared/node-entry.js:5582:38)
    at FunctionBodyScope.findVariable (file:///workspace/shadcn-ui/node_modules/.pnpm/rollup@4.40.2/node_modules/rollup/dist/es/shared/node-entry.js:5582:38)
    at Identifier.bind (file:///workspace/shadcn-ui/node_modules/.pnpm/rollup@4.40.2/node_modules/rollup/dist/es/shared/node-entry.js:5356:40)
    at CallExpression.bind (file:///workspace/shadcn-ui/node_modules/.pnpm/rollup@4.40.2/node_modules/rollup/dist/es/shared/node-entry.js:2783:23)
    at CallExpression.bind (file:///workspace/shadcn-ui/node_modules/.pnpm/rollup@4.40.2/node_modules/rollup/dist/es/shared/node-entry.js:11929:15)
 ELIFECYCLE  Command failed with exit code 1.
$ cd /workspace/shadcn-ui && pnpm run build


> livestock-management@ build /workspace/shadcn-ui
> vite build

vite v5.4.19 building for production...
transforming...
✓ 2570 modules transformed.
x Build failed in 6.08s
error during build:
src/App.tsx (15:7): "default" is not exported by "src/components/layout/layout.tsx", imported by "src/App.tsx".
file: /workspace/shadcn-ui/src/App.tsx:15:7

13: 
14: // App Pages
15: import Layout from './components/layout/layout';
           ^
16: import Dashboard from './pages/Dashboard';
17: import Animals from './pages/Animals';

    at getRollupError (file:///workspace/shadcn-ui/node_modules/.pnpm/rollup@4.40.2/node_modules/rollup/dist/es/shared/parseAst.js:397:41)
    at error (file:///workspace/shadcn-ui/node_modules/.pnpm/rollup@4.40.2/node_modules/rollup/dist/es/shared/parseAst.js:393:42)
    at Module.error (file:///workspace/shadcn-ui/node_modules/.pnpm/rollup@4.40.2/node_modules/rollup/dist/es/shared/node-entry.js:16759:16)
    at Module.traceVariable (file:///workspace/shadcn-ui/node_modules/.pnpm/rollup@4.40.2/node_modules/rollup/dist/es/shared/node-entry.js:17208:29)
    at ModuleScope.findVariable (file:///workspace/shadcn-ui/node_modules/.pnpm/rollup@4.40.2/node_modules/rollup/dist/es/shared/node-entry.js:14864:39)
    at ReturnValueScope.findVariable (file:///workspace/shadcn-ui/node_modules/.pnpm/rollup@4.40.2/node_modules/rollup/dist/es/shared/node-entry.js:5582:38)
    at FunctionBodyScope.findVariable (file:///workspace/shadcn-ui/node_modules/.pnpm/rollup@4.40.2/node_modules/rollup/dist/es/shared/node-entry.js:5582:38)
    at Identifier.bind (file:///workspace/shadcn-ui/node_modules/.pnpm/rollup@4.40.2/node_modules/rollup/dist/es/shared/node-entry.js:5356:40)
    at CallExpression.bind (file:///workspace/shadcn-ui/node_modules/.pnpm/rollup@4.40.2/node_modules/rollup/dist/es/shared/node-entry.js:2779:28)
    at CallExpression.bind (file:///workspace/shadcn-ui/node_modules/.pnpm/rollup@4.40.2/node_modules/rollup/dist/es/shared/node-entry.js:11929:15)
 ELIFECYCLE  Command failed with exit code 1.
$ cd /workspace/shadcn-ui && pnpm run build


> livestock-management@ build /workspace/shadcn-ui
> vite build

vite v5.4.19 building for production...
transforming...
✓ 2570 modules transformed.
rendering chunks...
computing gzip size...
dist/index.html                     0.77 kB │ gzip:   0.38 kB
dist/assets/index-CHhwdVYo.css     62.70 kB │ gzip:  11.01 kB
dist/assets/index-9Va_6u49.js   1,372.14 kB │ gzip: 366.55 kB

(!) Some chunks are larger than 500 kB after minification. Consider:
- Using dynamic import() to code-split the application
- Use build.rollupOptions.output.manualChunks to improve chunking: https://rollupjs.org/configuration-options/#output-manualchunks
- Adjust chunk size limit for this warning via build.chunkSizeWarningLimit.
✓ built in 10.07s
$ cd /workspace/shadcn-ui && mkdir -p docs && pnpm add markdown-pdf --save-dev && node create-pdf.js

Progress: resolved 1, reused 0, downloaded 0, added 0
Progress: resolved 72, reused 71, downloaded 1, added 0
Progress: resolved 464, reused 457, downloaded 3, added 0
Progress: resolved 722, reused 607, downloaded 37, added 0
 WARN  7 deprecated subdependencies found: glob@7.2.3, har-validator@5.1.5, inflight@1.0.6, phantomjs-prebuilt@2.1.16, request@2.88.2, rimraf@2.7.1, uuid@3.4.0
Packages: +84
++++++++++++++++++++++++++++++++++++++++++++++++++++++++++++++++++++++++++++++++
Progress: resolved 768, reused 611, downloaded 84, added 84, done
.../node_modules/phantomjs-prebuilt install$ node install.js
.../node_modules/phantomjs-prebuilt install: Considering PhantomJS found at /workspace/shadcn-ui/node_modules/.pnpm/phantomjs-prebuilt@2.1.16/node_modules/phantomjs-prebuilt/node_modules/.bin/phantomjs
.../node_modules/phantomjs-prebuilt install: Looks like an `npm install -g` on windows; skipping installed version.
.../node_modules/phantomjs-prebuilt install: Downloading https://github.com/Medium/phantomjs/releases/download/v2.1.1/phantomjs-2.1.1-linux-x86_64.tar.bz2
.../node_modules/phantomjs-prebuilt install: Saving to /workspace/shadcn-ui/node_modules/.pnpm/phantomjs-prebuilt@2.1.16/node_modules/phantomjs-prebuilt/phantomjs/phantomjs-2.1.1-linux-x86_64.tar.bz2
.../node_modules/phantomjs-prebuilt install: Receiving...
.../node_modules/phantomjs-prebuilt install: Received 22866K total.
.../node_modules/phantomjs-prebuilt install: Extracting tar contents (via spawned process)
.../node_modules/phantomjs-prebuilt install: Removing /workspace/shadcn-ui/node_modules/.pnpm/phantomjs-prebuilt@2.1.16/node_modules/phantomjs-prebuilt/lib/phantom
.../node_modules/phantomjs-prebuilt install: Copying extracted folder /workspace/shadcn-ui/node_modules/.pnpm/phantomjs-prebuilt@2.1.16/node_modules/phantomjs-prebuilt/phantomjs/phantomjs-2.1.1-linux-x86_64.tar.bz2-extract-1752434617763/phantomjs-2.1.1-linux-x86_64 -> /workspace/shadcn-ui/node_modules/.pnpm/phantomjs-prebuilt@2.1.16/node_modules/phantomjs-prebuilt/lib/phantom
.../node_modules/phantomjs-prebuilt install: Writing location.js file
.../node_modules/phantomjs-prebuilt install: Done. Phantomjs binary available at /workspace/shadcn-ui/node_modules/.pnpm/phantomjs-prebuilt@2.1.16/node_modules/phantomjs-prebuilt/lib/phantom/bin/phantomjs
.../node_modules/phantomjs-prebuilt install: Done

devDependencies:
+ markdown-pdf 11.0.0

Done in 10.3s
file:///workspace/shadcn-ui/create-pdf.js:1
const fs = require('fs');
           ^

ReferenceError: require is not defined in ES module scope, you can use import instead
This file is being treated as an ES module because it has a '.js' file extension and '/workspace/shadcn-ui/package.json' contains "type": "module". To treat it as a CommonJS script, rename it to use the '.cjs' file extension.
    at file:///workspace/shadcn-ui/create-pdf.js:1:12
    at ModuleJob.run (node:internal/modules/esm/module_job:218:25)
    at async ModuleLoader.import (node:internal/modules/esm/loader:329:24)
    at async loadESM (node:internal/process/esm_loader:28:7)
    at async handleMainPromise (node:internal/modules/run_main:113:12)

Node.js v20.11.0
