$ cd /workspace/shadcn-ui
$ ls

README.md
components.json
eslint.config.js
index.html
node_modules
package.json
pnpm-lock.yaml
postcss.config.js
public
src
tailwind.config.ts
template_config.json
tsconfig.app.json
tsconfig.json
tsconfig.node.json
vite.config.ts
$ cd /workspace/shadcn-ui && pnpm run lint


> livestock-management@ lint /workspace/shadcn-ui
> eslint --quiet ./src


/workspace/shadcn-ui/src/lib/mock-data.ts
  28:64  error  Unexpected any. Specify a different type  @typescript-eslint/no-explicit-any

/workspace/shadcn-ui/src/pages/Reports.tsx
  189:61  error  Unexpected any. Specify a different type  @typescript-eslint/no-explicit-any

✖ 2 problems (2 errors, 0 warnings)

 ELIFECYCLE  Command failed with exit code 1.
$ cd /workspace/shadcn-ui && pnpm run lint


> livestock-management@ lint /workspace/shadcn-ui
> eslint --quiet ./src

$ cd /workspace/shadcn-ui && pnpm i && pnpm run build

Progress: resolved 1, reused 0, downloaded 0, added 0
Progress: resolved 69, reused 67, downloaded 2, added 0
Progress: resolved 447, reused 416, downloaded 2, added 0
Packages: +2
++
Progress: resolved 513, reused 438, downloaded 2, added 2, done

dependencies:
+ uuid 9.0.1 (11.1.0 is available)

devDependencies:
+ @types/uuid 9.0.8 (10.0.0 is available)

Done in 3.8s

> livestock-management@ build /workspace/shadcn-ui
> vite build

vite v5.4.19 building for production...
transforming...
✓ 2551 modules transformed.
x Build failed in 6.49s
error during build:
src/components/layout/sidebar.tsx (5:2): "Cow" is not exported by "node_modules/.pnpm/lucide-react@0.462.0_react@18.3.1/node_modules/lucide-react/dist/esm/lucide-react.js", imported by "src/components/layout/sidebar.tsx".
file: /workspace/shadcn-ui/src/components/layout/sidebar.tsx:5:2

3: import { 
4:   LayoutDashboard, 
5:   Cow, 
     ^
6:   Activity, 
7:   BarChart, 

    at getRollupError (file:///workspace/shadcn-ui/node_modules/.pnpm/rollup@4.40.2/node_modules/rollup/dist/es/shared/parseAst.js:397:41)
    at error (file:///workspace/shadcn-ui/node_modules/.pnpm/rollup@4.40.2/node_modules/rollup/dist/es/shared/parseAst.js:393:42)
    at Module.error (file:///workspace/shadcn-ui/node_modules/.pnpm/rollup@4.40.2/node_modules/rollup/dist/es/shared/node-entry.js:16759:16)
    at Module.traceVariable (file:///workspace/shadcn-ui/node_modules/.pnpm/rollup@4.40.2/node_modules/rollup/dist/es/shared/node-entry.js:17208:29)
    at ModuleScope.findVariable (file:///workspace/shadcn-ui/node_modules/.pnpm/rollup@4.40.2/node_modules/rollup/dist/es/shared/node-entry.js:14864:39)
    at FunctionScope.findVariable (file:///workspace/shadcn-ui/node_modules/.pnpm/rollup@4.40.2/node_modules/rollup/dist/es/shared/node-entry.js:5582:38)
    at FunctionBodyScope.findVariable (file:///workspace/shadcn-ui/node_modules/.pnpm/rollup@4.40.2/node_modules/rollup/dist/es/shared/node-entry.js:5582:38)
    at Identifier.bind (file:///workspace/shadcn-ui/node_modules/.pnpm/rollup@4.40.2/node_modules/rollup/dist/es/shared/node-entry.js:5356:40)
    at CallExpression.bind (file:///workspace/shadcn-ui/node_modules/.pnpm/rollup@4.40.2/node_modules/rollup/dist/es/shared/node-entry.js:2779:28)
    at CallExpression.bind (file:///workspace/shadcn-ui/node_modules/.pnpm/rollup@4.40.2/node_modules/rollup/dist/es/shared/node-entry.js:11929:15)
 ELIFECYCLE  Command failed with exit code 1.
